Resolving dependencies...
Downloading packages...
  _fe_analyzer_shared 93.0.0 (95.0.0 available)
  analyzer 10.0.1 (10.1.0 available)
  archive 4.0.7 (4.0.9 available)
  build_runner 2.11.0 (2.11.1 available)
  built_value 8.12.3 (8.12.4 available)
  camera 0.11.3 (0.11.4 available)
  camera_android_camerax 0.6.30 (0.7.0+1 available)
  camera_avfoundation 0.9.23+2 (0.10.0+2 available)
  characters 1.4.0 (1.4.1 available)
  ffi 2.1.5 (2.2.0 available)
  file_picker 8.3.7 (10.3.10 available)
  firebase_ai 3.7.0 (3.8.0 available)
  firebase_analytics 12.1.1 (12.1.2 available)
  flutter_dotenv 5.2.1 (6.0.0 available)
  flutter_facebook_auth 6.0.4 (7.1.5 available)
  flutter_facebook_auth_platform_interface 5.0.0 (6.1.2 available)
  flutter_facebook_auth_web 5.0.1 (6.1.2 available)
  flutter_form_builder 10.3.0+1 (10.3.0+2 available)
  flutter_launcher_icons 0.13.1 (0.14.4 available)
  flutter_markdown 0.7.7+1 (discontinued replaced by flutter_markdown_plus)
  flutter_riverpod 2.6.1 (3.2.1 available)
  google_fonts 6.3.3 (8.0.2 available)
  google_sign_in 6.3.0 (7.2.0 available)
  google_sign_in_android 6.2.1 (7.2.9 available)
  google_sign_in_ios 5.9.0 (6.3.0 available)
  google_sign_in_platform_interface 2.5.0 (3.1.0 available)
  google_sign_in_web 0.12.4+4 (1.1.2 available)
  image 4.5.4 (4.8.0 available)
  json_annotation 4.10.0 (4.11.0 available)
  matcher 0.12.17 (0.12.18 available)
  material_color_utilities 0.11.1 (0.13.0 available)
  meta 1.17.0 (1.18.1 available)
  petitparser 7.0.1 (7.0.2 available)
  record 5.2.1 (6.2.0 available)
  record_android 1.5.0 (1.5.1 available)
  record_linux 0.7.2 (1.3.0 available)
  riverpod 2.6.1 (3.2.1 available)
  sentry 8.14.2 (9.14.0 available)
  sentry_flutter 8.14.2 (9.14.0 available)
  share_plus 10.1.4 (12.0.1 available)
  share_plus_platform_interface 5.0.2 (6.1.0 available)
  syncfusion_flutter_core 32.2.3 (32.2.5 available)
  syncfusion_flutter_datagrid 32.2.3 (32.2.5 available)
  syncfusion_flutter_gauges 32.2.3 (32.2.5 available)
  syncfusion_flutter_pdf 32.2.3 (32.2.5 available)
  test_api 0.7.7 (0.7.9 available)
  url_launcher_ios 6.3.6 (6.4.1 available)
  video_player 2.10.1 (2.11.0 available)
  video_player_android 2.9.1 (2.9.4 available)
  video_player_avfoundation 2.9.1 (2.9.3 available)
  webview_flutter_wkwebview 3.23.6 (3.23.7 available)
Got dependencies!
1 package is discontinued.
50 packages have newer versions incompatible with dependency constraints.
Try `flutter pub outdated` for more information.
Package flutter_facebook_auth:macos references facebook_auth_desktop:macos as the default plugin, but the package does not exist, or is not a plugin package.
Ask the maintainers of flutter_facebook_auth to either avoid referencing a default implementation via `platforms: macos: default_package: facebook_auth_desktop` or create a plugin named facebook_auth_desktop.

Package flutter_facebook_auth:macos references facebook_auth_desktop:macos as the default plugin, but the package does not exist, or is not a plugin package.
Ask the maintainers of flutter_facebook_auth to either avoid referencing a default implementation via `platforms: macos: default_package: facebook_auth_desktop` or create a plugin named facebook_auth_desktop.

Package flutter_facebook_auth:macos references facebook_auth_desktop:macos as the default plugin, but the package does not exist, or is not a plugin package.
Ask the maintainers of flutter_facebook_auth to either avoid referencing a default implementation via `platforms: macos: default_package: facebook_auth_desktop` or create a plugin named facebook_auth_desktop.

Package flutter_facebook_auth:macos references facebook_auth_desktop:macos as the default plugin, but the package does not exist, or is not a plugin package.
Ask the maintainers of flutter_facebook_auth to either avoid referencing a default implementation via `platforms: macos: default_package: facebook_auth_desktop` or create a plugin named facebook_auth_desktop.

Compiling lib/main.dart for the Web...                          
Wasm dry run findings:
Found incompatibilities with WebAssembly.

package:flutter_facebook_auth_web/src/facebook_auth_plugin.dart 2:1 - dart:html unsupported (0)
package:flutter_facebook_auth_web/src/facebook_auth_plugin.dart 6:1 - dart:js unsupported (1)
package:universal_html/src/_sdk/html.dart 32:1 - dart:html unsupported (0)
package:universal_html/src/_sdk_html_additions.dart 16:1 - dart:html unsupported (0)
package:flutter_facebook_auth_web/src/facebook_auth_plugin.dart 5:1 - JS interop library 'package:js/js.dart' can't be imported when compiling to Wasm. (2)
package:flutter_facebook_auth_web/src/interop/facebook_auth_interop.dart 4:1 - JS interop library 'package:js/js.dart' can't be imported when compiling to Wasm. (2)
package:flutter_facebook_auth_web/src/interop/convert_interop.dart 4:1 - JS interop library 'package:js/js.dart' can't be imported when compiling to Wasm. (2)
file:///Users/nicolasnorton/.pub-cache/hosted/pub.dev/image-4.5.4/lib/src/exif/ifd_directory.dart 174:26 - avoid_double_and_int_checks lint violation: Explicit check for double or int. (13)
file:///Users/nicolasnorton/.pub-cache/hosted/pub.dev/image-4.5.4/lib/src/exif/ifd_directory.dart 183:26 - avoid_double_and_int_checks lint violation: Explicit check for double or int. (13)
file:///Users/nicolasnorton/.pub-cache/hosted/pub.dev/flutter_tts-4.2.5/lib/flutter_tts_web.dart 104:23 - invalid_runtime_check_with_js_interop_types lint violation: Cast from 'JSAny?' to 'int' casts a JS interop value to a Dart type, which might not be platform-consistent. (8)
file:///Users/nicolasnorton/.pub-cache/hosted/pub.dev/flutter_tts-4.2.5/lib/flutter_tts_web.dart 105:21 - invalid_runtime_check_with_js_interop_types lint violation: Cast from 'JSAny?' to 'String' casts a JS interop value to a Dart type, which might not be platform-consistent. (8)
file:///Users/nicolasnorton/.pub-cache/hosted/pub.dev/flutter_tts-4.2.5/lib/flutter_tts_web.dart 107:21 - invalid_runtime_check_with_js_interop_types lint violation: Cast from 'JSAny?' to 'String' casts a JS interop value to a Dart type, which might not be platform-consistent. (8)

Consider addressing these issues to enable wasm builds. See docs for more info: https://docs.flutter.dev/platform-integration/web/wasm

Use --no-wasm-dry-run to disable these warnings.
Target dart2js failed: ProcessException: Process exited abnormally with exit code 1:
lib/features/proposalsLM/widgets/cotizador_panel.dart:134:35:
Error: Required named parameter 'service' must be provided.
        return PackagesManagerView(
                                  ^
lib/features/proposalsLM/views/packages_manager_view.dart:23:9:
Info: Found this candidate, but the arguments don't match.
  const PackagesManagerView({
        ^^^^^^^^^^^^^^^^^^^
lib/features/chat/providers/chat_provider.dart:356:23:
Error: The method 'AudioGenerationTool' isn't defined for the type 'ChatNotifier'.
 - 'ChatNotifier' is from 'package:inhaus_brain/features/chat/providers/chat_provider.dart' ('lib/features/chat/providers/chat_provider.dart').
    final audioTool = AudioGenerationTool(lyriaKey: lyriaKey);
                      ^^^^^^^^^^^^^^^^^^^
Error: Compilation failed.
  Command: /opt/homebrew/share/flutter/bin/cache/dart-sdk/bin/dart compile js --platform-binaries=/opt/homebrew/share/flutter/bin/cache/flutter_web_sdk/kernel --invoker=flutter_tool -Ddart.vm.product=true -DFLUTTER_VERSION=3.38.5 -DFLUTTER_CHANNEL=stable -DFLUTTER_GIT_URL=https://github.com/flutter/flutter.git -DFLUTTER_FRAMEWORK_REVISION=f6ff1529fd -DFLUTTER_ENGINE_REVISION=1527ae0ec5 -DFLUTTER_DART_VERSION=3.10.4 -DFLUTTER_WEB_USE_SKIA=true -DFLUTTER_WEB_USE_SKWASM=false -DFLUTTER_WEB_CANVASKIT_URL=https://www.gstatic.com/flutter-canvaskit/1527ae0ec577a4ef50e65f6fefcfc1326707d9bf/ --native-null-assertions --no-source-maps -O4 --minify -o /Users/nicolasnorton/AudioTherapy/audio_therapy_app/InhausBrain/.dart_tool/flutter_build/42ddcac4c138f456d4b573213464645d/app.dill --packages=/Users/nicolasnorton/AudioTherapy/audio_therapy_app/InhausBrain/.dart_tool/package_config.json --cfe-only /Users/nicolasnorton/AudioTherapy/audio_therapy_app/InhausBrain/.dart_tool/flutter_build/42ddcac4c138f456d4b573213464645d/main.dart
#0      RunResult.throwException (package:flutter_tools/src/base/process.dart:153:5)
#1      _DefaultProcessUtils.run (package:flutter_tools/src/base/process.dart:379:19)
<asynchronous suspension>
#2      Dart2JSTarget.build (package:flutter_tools/src/build_system/targets/web.dart:207:5)
<asynchronous suspension>
#3      _BuildInstance._invokeInternal (package:flutter_tools/src/build_system/build_system.dart:895:9)
<asynchronous suspension>
#4      Future.wait.<anonymous closure> (dart:async/future.dart:546:21)
<asynchronous suspension>
#5      _BuildInstance.invokeTarget (package:flutter_tools/src/build_system/build_system.dart:833:32)
<asynchronous suspension>
#6      Future.wait.<anonymous closure> (dart:async/future.dart:546:21)
<asynchronous suspension>
#7      _BuildInstance.invokeTarget (package:flutter_tools/src/build_system/build_system.dart:833:32)
<asynchronous suspension>
#8      FlutterBuildSystem.build (package:flutter_tools/src/build_system/build_system.dart:653:16)
<asynchronous suspension>
#9      WebBuilder.buildWeb (package:flutter_tools/src/web/compile.dart:94:34)
<asynchronous suspension>
#10     BuildWebCommand.runCommand (package:flutter_tools/src/commands/build_web.dart:296:5)
<asynchronous suspension>
#11     FlutterCommand.run.<anonymous closure> (package:flutter_tools/src/runner/flutter_command.dart:1559:27)
<asynchronous suspension>
#12     AppContext.run.<anonymous closure> (package:flutter_tools/src/base/context.dart:154:19)
<asynchronous suspension>
#13     CommandRunner.runCommand (package:args/command_runner.dart:212:13)
<asynchronous suspension>
#14     FlutterCommandRunner.runCommand.<anonymous closure> (package:flutter_tools/src/runner/flutter_command_runner.dart:487:9)
<asynchronous suspension>
#15     AppContext.run.<anonymous closure> (package:flutter_tools/src/base/context.dart:154:19)
<asynchronous suspension>
#16     FlutterCommandRunner.runCommand (package:flutter_tools/src/runner/flutter_command_runner.dart:422:5)
<asynchronous suspension>
#17     run.<anonymous closure>.<anonymous closure> (package:flutter_tools/runner.dart:104:11)
<asynchronous suspension>
#18     AppContext.run.<anonymous closure> (package:flutter_tools/src/base/context.dart:154:19)
<asynchronous suspension>
#19     main (package:flutter_tools/executable.dart:103:3)
<asynchronous suspension>

Compiling lib/main.dart for the Web...                             37.9s
Error: Failed to compile application for the Web.
